[2024/07/26 05:18:28.34] Analyzing function: global_opt with pointer level: 4
[2024/07/26 05:18:28.34] Analyzing function: printf with pointer level: 4
[2024/07/26 05:18:28.34] Analyzing function: exit with pointer level: 4
[2024/07/26 05:18:28.34] Analyzing function: main with pointer level: 4
[2024/07/26 05:18:28.34] Analyzing function: llvm.memset.p0i8.i64 with pointer level: 4
[2024/07/26 05:18:28.34] Analyzing function: __strcpy_chk with pointer level: 4
[2024/07/26 05:18:28.34] Analyzing function: atoi with pointer level: 4
[2024/07/26 05:18:28.34] Analyzing function: __sprintf_chk with pointer level: 4
[2024/07/26 05:18:28.34] Analyzing function: refresh_neighbour_lists with pointer level: 4
[2024/07/26 05:18:28.34] Analyzing function: flow_cost with pointer level: 4
[2024/07/26 05:18:28.34] Analyzing function: llvm.fmuladd.f64 with pointer level: 4
[2024/07/26 05:18:28.34] Analyzing function: start with pointer level: 4
[2024/07/26 05:18:28.34] Analyzing function: getArcPosition with pointer level: 4
[2024/07/26 05:18:28.34] Analyzing function: getOriginalArcPosition with pointer level: 4
[2024/07/26 05:18:28.34] Analyzing function: flow_org_cost with pointer level: 4
[2024/07/26 05:18:28.34] Analyzing function: primal_feasible with pointer level: 4
[2024/07/26 05:18:28.34] Analyzing function: dual_feasible with pointer level: 4
[2024/07/26 05:18:28.34] Analyzing function: fprintf with pointer level: 4
[2024/07/26 05:18:28.34] Analyzing function: getfree with pointer level: 4
[2024/07/26 05:18:28.34] Analyzing function: free with pointer level: 4
[2024/07/26 05:18:28.34] Analyzing function: read_min with pointer level: 4
[2024/07/26 05:18:28.34] Analyzing function: _fopen with pointer level: 4
[2024/07/26 05:18:28.34] Analyzing function: fgets with pointer level: 4
[2024/07/26 05:18:28.34] Analyzing function: sscanf with pointer level: 4
[2024/07/26 05:18:28.34] Analyzing function: calloc with pointer level: 4
[2024/07/26 05:18:28.34] Analyzing function: fclose with pointer level: 4
[2024/07/26 05:18:28.34] Analyzing function: refreshArcPointers with pointer level: 4
[2024/07/26 05:18:28.34] Analyzing function: refreshPositions with pointer level: 4
[2024/07/26 05:18:28.34] Analyzing function: llvm.memcpy.p0i8.p0i8.i64 with pointer level: 4
[2024/07/26 05:18:28.34] Analyzing function: marc_arcs with pointer level: 4
[2024/07/26 05:18:28.34] Analyzing function: malloc with pointer level: 4
[2024/07/26 05:18:28.34] Analyzing function: arc_compare with pointer level: 4
[2024/07/26 05:18:28.34] Analyzing function: resize_prob with pointer level: 4
[2024/07/26 05:18:28.34] Analyzing function: realloc with pointer level: 4
[2024/07/26 05:18:28.34] Analyzing function: fflush with pointer level: 4
[2024/07/26 05:18:28.35] Analyzing function: insert_new_arc with pointer level: 4
[2024/07/26 05:18:28.35] Analyzing function: replace_weaker_arc with pointer level: 4
[2024/07/26 05:18:28.35] Analyzing function: calculate_max_redcost with pointer level: 4
[2024/07/26 05:18:28.35] Analyzing function: switch_arcs with pointer level: 4
[2024/07/26 05:18:28.35] Analyzing function: price_out_impl with pointer level: 4
[2024/07/26 05:18:28.35] Analyzing function: suspend_impl with pointer level: 4
[2024/07/26 05:18:28.35] Analyzing function: primal_start_artificial with pointer level: 4
[2024/07/26 05:18:28.35] Analyzing function: write_circulations with pointer level: 4
[2024/07/26 05:18:28.35] Analyzing function: write_objective_value with pointer level: 4
[2024/07/26 05:18:28.35] Analyzing function: update_tree with pointer level: 4
[2024/07/26 05:18:28.35] Analyzing function: primal_iminus with pointer level: 4
[2024/07/26 05:18:28.35] Analyzing function: primal_update_flow with pointer level: 4
[2024/07/26 05:18:28.35] Analyzing function: markBaskets with pointer level: 4
[2024/07/26 05:18:28.35] Analyzing function: worker with pointer level: 4
[2024/07/26 05:18:28.35] Analyzing function: master with pointer level: 4
[2024/07/26 05:18:28.35] Analyzing function: primal_net_simplex with pointer level: 4
[2024/07/26 05:18:28.35] Analyzing function: set_static_vars with pointer level: 4
[2024/07/26 05:18:28.35] Analyzing function: bea_is_dual_infeasible with pointer level: 4
[2024/07/26 05:18:28.35] Analyzing function: cost_compare with pointer level: 4
[2024/07/26 05:18:28.35] Analyzing function: primal_bea_mpp with pointer level: 4
[2024/07/26 05:18:28.35] Analyzing function: spec_qsort with pointer level: 4
[2024/07/26 05:18:28.35] Analyzing function: swapfunc with pointer level: 4
[2024/07/26 05:18:28.35] Analyzing function: med3 with pointer level: 4
[2024/07/26 05:18:28.35] Analyzing function: global_opt with pointer level: 3
[2024/07/26 05:18:28.35] Analyzing function: printf with pointer level: 3
[2024/07/26 05:18:28.35] Analyzing function: exit with pointer level: 3
[2024/07/26 05:18:28.35] Analyzing function: main with pointer level: 3
[2024/07/26 05:18:28.35] Analyzing function: llvm.memset.p0i8.i64 with pointer level: 3
[2024/07/26 05:18:28.35] Analyzing function: __strcpy_chk with pointer level: 3
[2024/07/26 05:18:28.35] Analyzing function: atoi with pointer level: 3
[2024/07/26 05:18:28.35] Analyzing function: __sprintf_chk with pointer level: 3
[2024/07/26 05:18:28.35] Analyzing function: refresh_neighbour_lists with pointer level: 3
[2024/07/26 05:18:28.35] Analyzing function: flow_cost with pointer level: 3
[2024/07/26 05:18:28.35] Analyzing function: llvm.fmuladd.f64 with pointer level: 3
[2024/07/26 05:18:28.35] Analyzing function: start with pointer level: 3
[2024/07/26 05:18:28.35] Analyzing function: getArcPosition with pointer level: 3
[2024/07/26 05:18:28.35] Analyzing function: getOriginalArcPosition with pointer level: 3
[2024/07/26 05:18:28.35] Analyzing function: flow_org_cost with pointer level: 3
[2024/07/26 05:18:28.35] Analyzing function: primal_feasible with pointer level: 3
[2024/07/26 05:18:28.35] Analyzing function: dual_feasible with pointer level: 3
[2024/07/26 05:18:28.35] Analyzing function: fprintf with pointer level: 3
[2024/07/26 05:18:28.35] Analyzing function: getfree with pointer level: 3
[2024/07/26 05:18:28.35] Analyzing function: free with pointer level: 3
[2024/07/26 05:18:28.35] Analyzing function: read_min with pointer level: 3
[2024/07/26 05:18:28.35] Analyzing function: _fopen with pointer level: 3
[2024/07/26 05:18:28.35] Analyzing function: fgets with pointer level: 3
[2024/07/26 05:18:28.35] Analyzing function: sscanf with pointer level: 3
[2024/07/26 05:18:28.35] Analyzing function: calloc with pointer level: 3
[2024/07/26 05:18:28.35] Analyzing function: fclose with pointer level: 3
[2024/07/26 05:18:28.35] Analyzing function: refreshArcPointers with pointer level: 3
[2024/07/26 05:18:28.35] Analyzing function: refreshPositions with pointer level: 3
[2024/07/26 05:18:28.35] Analyzing function: llvm.memcpy.p0i8.p0i8.i64 with pointer level: 3
[2024/07/26 05:18:28.35] Analyzing function: marc_arcs with pointer level: 3
[2024/07/26 05:18:28.35] Analyzing function: malloc with pointer level: 3
[2024/07/26 05:18:28.35] Analyzing function: arc_compare with pointer level: 3
[2024/07/26 05:18:28.35] Analyzing function: resize_prob with pointer level: 3
[2024/07/26 05:18:28.35] Analyzing function: realloc with pointer level: 3
[2024/07/26 05:18:28.35] Analyzing function: fflush with pointer level: 3
[2024/07/26 05:18:28.35] Analyzing function: insert_new_arc with pointer level: 3
[2024/07/26 05:18:28.35] Analyzing function: replace_weaker_arc with pointer level: 3
[2024/07/26 05:18:28.35] Analyzing function: calculate_max_redcost with pointer level: 3
[2024/07/26 05:18:28.35] Analyzing function: switch_arcs with pointer level: 3
[2024/07/26 05:18:28.35] Analyzing function: price_out_impl with pointer level: 3
[2024/07/26 05:18:28.36] Analyzing function: suspend_impl with pointer level: 3
[2024/07/26 05:18:28.36] Analyzing function: primal_start_artificial with pointer level: 3
[2024/07/26 05:18:28.36] Analyzing function: write_circulations with pointer level: 3
[2024/07/26 05:18:28.36] Analyzing function: write_objective_value with pointer level: 3
[2024/07/26 05:18:28.36] Analyzing function: update_tree with pointer level: 3
[2024/07/26 05:18:28.36] Analyzing function: primal_iminus with pointer level: 3
[2024/07/26 05:18:28.36] Analyzing function: primal_update_flow with pointer level: 3
[2024/07/26 05:18:28.36] Analyzing function: markBaskets with pointer level: 3
[2024/07/26 05:18:28.36] Analyzing function: worker with pointer level: 3
[2024/07/26 05:18:28.36] Analyzing function: master with pointer level: 3
[2024/07/26 05:18:28.36] Analyzing function: primal_net_simplex with pointer level: 3
[2024/07/26 05:18:28.36] Analyzing function: set_static_vars with pointer level: 3
[2024/07/26 05:18:28.36] Analyzing function: bea_is_dual_infeasible with pointer level: 3
[2024/07/26 05:18:28.36] Analyzing function: cost_compare with pointer level: 3
[2024/07/26 05:18:28.36] Analyzing function: primal_bea_mpp with pointer level: 3
[2024/07/26 05:18:28.36] Analyzing function: spec_qsort with pointer level: 3
[2024/07/26 05:18:28.36] Analyzing function: swapfunc with pointer level: 3
[2024/07/26 05:18:28.36] Analyzing function: med3 with pointer level: 3
[2024/07/26 05:18:28.38] Analyzing function: global_opt with pointer level: 2
[2024/07/26 05:18:28.38] Analyzing function: printf with pointer level: 2
[2024/07/26 05:18:28.38] Analyzing function: exit with pointer level: 2
[2024/07/26 05:18:28.38] Analyzing function: main with pointer level: 2
[2024/07/26 05:18:28.38] Analyzing function: llvm.memset.p0i8.i64 with pointer level: 2
[2024/07/26 05:18:28.38] Analyzing function: __strcpy_chk with pointer level: 2
[2024/07/26 05:18:28.38] Analyzing function: atoi with pointer level: 2
[2024/07/26 05:18:28.38] Analyzing function: __sprintf_chk with pointer level: 2
[2024/07/26 05:18:28.38] Analyzing function: refresh_neighbour_lists with pointer level: 2
[2024/07/26 05:18:28.39] Analyzing function: flow_cost with pointer level: 2
[2024/07/26 05:18:28.39] Analyzing function: llvm.fmuladd.f64 with pointer level: 2
[2024/07/26 05:18:28.39] Analyzing function: start with pointer level: 2
[2024/07/26 05:18:28.39] Analyzing function: getArcPosition with pointer level: 2
[2024/07/26 05:18:28.39] Analyzing function: getOriginalArcPosition with pointer level: 2
[2024/07/26 05:18:28.39] Analyzing function: flow_org_cost with pointer level: 2
[2024/07/26 05:18:28.40] Analyzing function: primal_feasible with pointer level: 2
[2024/07/26 05:18:28.40] Analyzing function: dual_feasible with pointer level: 2
[2024/07/26 05:18:28.41] Analyzing function: fprintf with pointer level: 2
[2024/07/26 05:18:28.41] Analyzing function: getfree with pointer level: 2
[2024/07/26 05:18:28.41] Analyzing function: free with pointer level: 2
[2024/07/26 05:18:28.41] Analyzing function: read_min with pointer level: 2
[2024/07/26 05:18:28.46] Analyzing function: _fopen with pointer level: 2
[2024/07/26 05:18:28.46] Analyzing function: fgets with pointer level: 2
[2024/07/26 05:18:28.46] Analyzing function: sscanf with pointer level: 2
[2024/07/26 05:18:28.46] Analyzing function: calloc with pointer level: 2
[2024/07/26 05:18:28.46] Analyzing function: fclose with pointer level: 2
[2024/07/26 05:18:28.46] Analyzing function: refreshArcPointers with pointer level: 2
[2024/07/26 05:18:28.47] Analyzing function: refreshPositions with pointer level: 2
[2024/07/26 05:18:28.47] Analyzing function: llvm.memcpy.p0i8.p0i8.i64 with pointer level: 2
[2024/07/26 05:18:28.47] Analyzing function: marc_arcs with pointer level: 2
[2024/07/26 05:18:28.49] Analyzing function: malloc with pointer level: 2
[2024/07/26 05:18:28.49] Analyzing function: arc_compare with pointer level: 2
[2024/07/26 05:18:28.49] Analyzing function: resize_prob with pointer level: 2
[2024/07/26 05:18:28.50] Analyzing function: realloc with pointer level: 2
[2024/07/26 05:18:28.50] Analyzing function: fflush with pointer level: 2
[2024/07/26 05:18:28.50] Analyzing function: insert_new_arc with pointer level: 2
[2024/07/26 05:18:28.50] Analyzing function: replace_weaker_arc with pointer level: 2
[2024/07/26 05:18:28.51] Analyzing function: calculate_max_redcost with pointer level: 2
[2024/07/26 05:18:28.51] Analyzing function: switch_arcs with pointer level: 2
[2024/07/26 05:18:28.51] Analyzing function: price_out_impl with pointer level: 2
[2024/07/26 05:18:28.57] Analyzing function: suspend_impl with pointer level: 2
[2024/07/26 05:18:28.58] Analyzing function: primal_start_artificial with pointer level: 2
[2024/07/26 05:18:28.59] Analyzing function: write_circulations with pointer level: 2
[2024/07/26 05:18:28.61] Analyzing function: write_objective_value with pointer level: 2
[2024/07/26 05:18:28.61] Analyzing function: update_tree with pointer level: 2
[2024/07/26 05:18:28.67] Analyzing function: primal_iminus with pointer level: 2
[2024/07/26 05:18:28.69] Analyzing function: primal_update_flow with pointer level: 2
[2024/07/26 05:18:28.70] Analyzing function: markBaskets with pointer level: 2
[2024/07/26 05:18:28.72] Analyzing function: worker with pointer level: 2
[2024/07/26 05:18:28.72] Analyzing function: master with pointer level: 2
[2024/07/26 05:18:28.76] Analyzing function: primal_net_simplex with pointer level: 2
[2024/07/26 05:18:28.76] Analyzing function: set_static_vars with pointer level: 2
[2024/07/26 05:18:28.76] Analyzing function: bea_is_dual_infeasible with pointer level: 2
[2024/07/26 05:18:28.76] Analyzing function: cost_compare with pointer level: 2
[2024/07/26 05:18:28.77] Analyzing function: primal_bea_mpp with pointer level: 2
[2024/07/26 05:18:28.79] Analyzing function: spec_qsort with pointer level: 2
[2024/07/26 05:18:28.90] Analyzing function: swapfunc with pointer level: 2
[2024/07/26 05:18:28.92] Analyzing function: med3 with pointer level: 2
[2024/07/26 05:18:28.94] Analyzing function: global_opt with pointer level: 1
[2024/07/26 05:18:28.95] Analyzing function: printf with pointer level: 1
[2024/07/26 05:18:28.95] Analyzing function: exit with pointer level: 1
[2024/07/26 05:18:28.95] Analyzing function: main with pointer level: 1
[2024/07/26 05:18:28.95] Analyzing function: llvm.memset.p0i8.i64 with pointer level: 1
[2024/07/26 05:18:28.95] Analyzing function: __strcpy_chk with pointer level: 1
[2024/07/26 05:18:28.95] Analyzing function: atoi with pointer level: 1
[2024/07/26 05:18:28.95] Analyzing function: __sprintf_chk with pointer level: 1
[2024/07/26 05:18:28.95] Analyzing function: refresh_neighbour_lists with pointer level: 1
[2024/07/26 05:18:28.95] Analyzing function: flow_cost with pointer level: 1
[2024/07/26 05:18:28.97] Analyzing function: llvm.fmuladd.f64 with pointer level: 1
[2024/07/26 05:18:28.97] Analyzing function: start with pointer level: 1
[2024/07/26 05:18:28.97] Analyzing function: getArcPosition with pointer level: 1
[2024/07/26 05:18:28.97] Analyzing function: getOriginalArcPosition with pointer level: 1
[2024/07/26 05:18:28.97] Analyzing function: flow_org_cost with pointer level: 1
[2024/07/26 05:18:28.99] Analyzing function: primal_feasible with pointer level: 1
[2024/07/26 05:18:28.99] Analyzing function: dual_feasible with pointer level: 1
[2024/07/26 05:18:28.100] Analyzing function: fprintf with pointer level: 1
[2024/07/26 05:18:28.100] Analyzing function: getfree with pointer level: 1
[2024/07/26 05:18:28.100] Analyzing function: free with pointer level: 1
[2024/07/26 05:18:28.100] Analyzing function: read_min with pointer level: 1
[2024/07/26 05:18:28.103] Analyzing function: _fopen with pointer level: 1
[2024/07/26 05:18:28.103] Analyzing function: fgets with pointer level: 1
[2024/07/26 05:18:28.103] Analyzing function: sscanf with pointer level: 1
[2024/07/26 05:18:28.103] Analyzing function: calloc with pointer level: 1
[2024/07/26 05:18:28.103] Analyzing function: fclose with pointer level: 1
[2024/07/26 05:18:28.103] Analyzing function: refreshArcPointers with pointer level: 1
[2024/07/26 05:18:28.103] Analyzing function: refreshPositions with pointer level: 1
[2024/07/26 05:18:28.104] Analyzing function: llvm.memcpy.p0i8.p0i8.i64 with pointer level: 1
[2024/07/26 05:18:28.104] Analyzing function: marc_arcs with pointer level: 1
[2024/07/26 05:18:28.106] Analyzing function: malloc with pointer level: 1
[2024/07/26 05:18:28.107] Analyzing function: arc_compare with pointer level: 1
[2024/07/26 05:18:28.107] Analyzing function: resize_prob with pointer level: 1
[2024/07/26 05:18:28.107] Analyzing function: realloc with pointer level: 1
[2024/07/26 05:18:28.107] Analyzing function: fflush with pointer level: 1
[2024/07/26 05:18:28.107] Analyzing function: insert_new_arc with pointer level: 1
[2024/07/26 05:18:28.108] Analyzing function: replace_weaker_arc with pointer level: 1
[2024/07/26 05:18:28.110] Analyzing function: calculate_max_redcost with pointer level: 1
[2024/07/26 05:18:28.111] Analyzing function: switch_arcs with pointer level: 1
[2024/07/26 05:18:28.112] Analyzing function: price_out_impl with pointer level: 1
[2024/07/26 05:18:28.122] Analyzing function: suspend_impl with pointer level: 1
[2024/07/26 05:18:28.124] Analyzing function: primal_start_artificial with pointer level: 1
[2024/07/26 05:18:28.125] Analyzing function: write_circulations with pointer level: 1
[2024/07/26 05:18:28.125] Analyzing function: write_objective_value with pointer level: 1
[2024/07/26 05:18:28.125] Analyzing function: update_tree with pointer level: 1
[2024/07/26 05:18:28.127] Analyzing function: primal_iminus with pointer level: 1
[2024/07/26 05:18:28.129] Analyzing function: primal_update_flow with pointer level: 1
[2024/07/26 05:18:28.129] Analyzing function: markBaskets with pointer level: 1
[2024/07/26 05:18:28.131] Analyzing function: worker with pointer level: 1
[2024/07/26 05:18:28.131] Analyzing function: master with pointer level: 1
[2024/07/26 05:18:28.134] Analyzing function: primal_net_simplex with pointer level: 1
[2024/07/26 05:18:28.135] Analyzing function: set_static_vars with pointer level: 1
[2024/07/26 05:18:28.135] Analyzing function: bea_is_dual_infeasible with pointer level: 1
[2024/07/26 05:18:28.135] Analyzing function: cost_compare with pointer level: 1
[2024/07/26 05:18:28.135] Analyzing function: primal_bea_mpp with pointer level: 1
[2024/07/26 05:18:28.137] Analyzing function: spec_qsort with pointer level: 1
[2024/07/26 05:18:28.147] Analyzing function: swapfunc with pointer level: 1
[2024/07/26 05:18:28.149] Analyzing function: med3 with pointer level: 1
End of analysis
===-------------------------------------------------------------------------===
                      ... Pass execution timing report ...
===-------------------------------------------------------------------------===
  Total Execution Time: 0.3057 seconds (0.3071 wall clock)

   ---User Time---   --System Time--   --User+System--   ---Wall Time---  ---Mem---  ---Instr---  --- Name ---
   0.1426 ( 47.1%)   0.0015 ( 51.9%)   0.1441 ( 47.1%)   0.1448 ( 47.2%)    4822160  1274174474  PrintAliasToPairs
   0.1349 ( 44.5%)   0.0014 ( 46.3%)   0.1362 ( 44.6%)   0.1369 ( 44.6%)    4821808  1212555423  FlowSensitivePointerAnalysis
   0.0113 (  3.7%)   0.0000 (  0.4%)   0.0113 (  3.7%)   0.0113 (  3.7%)        288  110375597  VerifierPass
   0.0112 (  3.7%)   0.0000 (  0.2%)   0.0112 (  3.7%)   0.0112 (  3.7%)         48  110122557  VerifierAnalysis
   0.0015 (  0.5%)   0.0000 (  0.6%)   0.0015 (  0.5%)   0.0015 (  0.5%)      72480   15608101  DominatorTreeAnalysis
   0.0013 (  0.4%)   0.0000 (  0.5%)   0.0013 (  0.4%)   0.0014 (  0.4%)      99088   11585935  DominanceFrontierAnalysis
   0.3027 (100.0%)   0.0029 (100.0%)   0.3057 (100.0%)   0.3071 (100.0%)    9815872  2734422087  Total

===-------------------------------------------------------------------------===
                                LLVM IR Parsing
===-------------------------------------------------------------------------===
  Total Execution Time: 0.0914 seconds (0.0915 wall clock)

   ---User Time---   --System Time--   --User+System--   ---Wall Time---  ---Mem---  ---Instr---  --- Name ---
   0.0909 (100.0%)   0.0004 (100.0%)   0.0914 (100.0%)   0.0915 (100.0%)    1040848  739720098  Parse IR
   0.0909 (100.0%)   0.0004 (100.0%)   0.0914 (100.0%)   0.0915 (100.0%)    1040848  739720098  Total

